{
  "kind": 71,
  "start": 0,
  "end": 3,
  "body": [
    {
      "kind": 37,
      "start": 0,
      "end": 3,
      "expr": {
        "kind": 92,
        "start": 0,
        "end": 3,
        "value": "ğŸš€",
        "hasEscape": false,
        "strKind": {"type":"normal","containsQuote":true}
      }
    }
  ]
}